// Jest Snapshot v1, https://goo.gl/fbAQLP

exports[`ProductItem renders correctly 1`] = `
<View
  style={
    Object {
      "borderBottomColor": "#a5a5a530",
      "borderBottomWidth": 1,
      "flex": 1,
      "flexDirection": "row",
      "height": 70,
    }
  }
>
  <View
    style={
      Object {
        "flex": 3,
      }
    }
  >
    <Text
      style={
        Object {
          "fontSize": 18,
          "fontWeight": "500",
          "marginBottom": 5,
          "marginTop": 10,
        }
      }
    >
      Electric screwdriver
    </Text>
    <Text
      style={
        Object {
          "color": "#a5a5a5",
          "fontSize": 16,
          "fontStyle": "italic",
          "fontWeight": "300",
        }
      }
    >
      A102
    </Text>
  </View>
  <View
    style={
      Object {
        "alignContent": "center",
        "alignItems": "center",
        "flex": 1,
        "justifyContent": "center",
      }
    }
  >
    <View
      accessible={true}
      isTVSelectable={true}
      onResponderGrant={[Function]}
      onResponderMove={[Function]}
      onResponderRelease={[Function]}
      onResponderTerminate={[Function]}
      onResponderTerminationRequest={[Function]}
      onStartShouldSetResponder={[Function]}
      style={
        Object {
          "alignItems": "center",
          "backgroundColor": "#4169E1",
          "borderRadius": 200,
          "justifyContent": "center",
          "margin": 5,
          "opacity": 1,
          "padding": 10,
          "width": "100%",
        }
      }
    >
      <Text
        style={
          Object {
            "alignItems": "center",
            "color": "#ffffff",
            "fontSize": 16,
            "justifyContent": "center",
          }
        }
      >
        <Text>
          $ 49.50
        </Text>
      </Text>
    </View>
  </View>
</View>
`;
